\BOOKMARK [1][-]{section.1}{\376\377\225\356\230\230\221\315\217\360}{}% 1
\BOOKMARK [2][-]{subsection.1.1}{\376\377\225\356\230\230\200\314\146\157}{section.1}% 2
\BOOKMARK [2][-]{subsection.1.2}{\376\377\225\356\230\230\221\315\217\360}{section.1}% 3
\BOOKMARK [1][-]{section.2}{\376\377\225\356\230\230\122\006\147\220}{}% 4
\BOOKMARK [2][-]{subsection.2.1}{\376\377\225\356\230\230\0001\166\204\122\006\147\220}{section.2}% 5
\BOOKMARK [2][-]{subsection.2.2}{\376\377\225\356\230\230\0002\166\204\122\006\147\220}{section.2}% 6
\BOOKMARK [2][-]{subsection.2.3}{\376\377\225\356\230\230\0003\166\204\122\006\147\220}{section.2}% 7
\BOOKMARK [2][-]{subsection.2.4}{\376\377\225\356\230\230\0004\166\204\122\006\147\220}{section.2}% 8
\BOOKMARK [1][-]{section.3}{\376\377\152\041\127\213\120\107\213\276}{}% 9
\BOOKMARK [1][-]{section.4}{\376\377\173\046\123\367\213\364\146\016}{}% 10
\BOOKMARK [1][-]{section.5}{\376\377\152\041\127\213\166\204\136\372\172\313\116\016\154\102\211\343}{}% 11
\BOOKMARK [2][-]{subsection.5.1}{\376\377\121\154\121\161\121\340\117\125\150\106\147\266}{section.5}% 12
\BOOKMARK [2][-]{subsection.5.2}{\376\377\225\356\230\230\0001\377\032\123\125\116\052\153\213\232\270\133\232\117\115\152\041\127\213}{section.5}% 13
\BOOKMARK [3][-]{subsubsection.5.2.1}{\376\377\147\000\134\021\213\276\131\007\145\160}{subsection.5.2}% 14
\BOOKMARK [3][-]{subsubsection.5.2.2}{\376\377\133\232\117\115\152\041\127\213}{subsection.5.2}% 15
\BOOKMARK [3][-]{subsubsection.5.2.3}{\376\377\145\160\143\156\116\000\201\364\140\047\150\300\232\214\116\016\154\102\211\343\176\323\147\234}{subsection.5.2}% 16
\BOOKMARK [2][-]{subsection.5.3}{\376\377\225\356\230\230\0002\377\032\131\032\153\213\232\270\145\160\143\156\121\163\200\124\116\016\200\124\124\010\133\232\117\115\152\041\127\213}{section.5}% 17
\BOOKMARK [3][-]{subsubsection.5.3.1}{\376\377\116\072\116\300\116\110\116\015\200\375\143\011\040\034\173\054\000k\145\351\040\035\122\006\176\304}{subsection.5.3}% 18
\BOOKMARK [3][-]{subsubsection.5.3.2}{\376\377\121\163\200\124\143\222\122\027\116\016\000\040\0000\000-\0001\000\040\123\330\221\317}{subsection.5.3}% 19
\BOOKMARK [3][-]{subsubsection.5.3.3}{\376\377\200\124\124\010\166\356\150\007\121\375\145\160}{subsection.5.3}% 20
\BOOKMARK [3][-]{subsubsection.5.3.4}{\376\377\154\102\211\343\173\227\154\325}{subsection.5.3}% 21
\BOOKMARK [3][-]{subsubsection.5.3.5}{\376\377\147\000\134\021\213\276\131\007\145\160\166\204\213\272\213\301}{subsection.5.3}% 22
\BOOKMARK [2][-]{subsection.5.4}{\376\377\225\356\230\230\0003\377\032\126\333\116\052\153\213\232\270\166\204\145\160\143\156\121\163\200\124\116\016\133\232\117\115}{section.5}% 23
\BOOKMARK [3][-]{subsubsection.5.4.1}{\376\377\121\163\200\124\167\351\226\065}{subsection.5.4}% 24
\BOOKMARK [3][-]{subsubsection.5.4.2}{\376\377\133\232\117\115\176\323\147\234}{subsection.5.4}% 25
\BOOKMARK [3][-]{subsubsection.5.4.3}{\376\377\153\213\135\356\232\214\213\301}{subsection.5.4}% 26
\BOOKMARK [2][-]{subsection.5.5}{\376\377\225\356\230\230\0004\377\032\136\046\226\217\147\072\145\366\225\364\213\357\135\356\166\204\172\063\120\145\133\232\117\115\152\041\127\213}{section.5}% 27
\BOOKMARK [3][-]{subsubsection.5.5.1}{\376\377\213\357\135\356\152\041\127\213}{subsection.5.5}% 28
\BOOKMARK [3][-]{subsubsection.5.5.2}{\376\377\122\240\147\103\147\000\134\017\116\214\116\130\117\356\153\143\152\041\127\213}{subsection.5.5}% 29
\BOOKMARK [3][-]{subsubsection.5.5.3}{\376\377\121\163\200\124\134\102\166\204\172\063\120\145\131\004\164\006}{subsection.5.5}% 30
\BOOKMARK [3][-]{subsubsection.5.5.4}{\376\377\204\231\162\171\123\141\155\033\213\357\135\356\122\006\147\220}{subsection.5.5}% 31
\BOOKMARK [3][-]{subsubsection.5.5.5}{\376\377\145\366\225\364\213\357\135\356\116\015\123\357\226\115\117\116\145\366\166\204\136\003\172\331\117\030\123\026\145\271\150\110}{subsection.5.5}% 32
\BOOKMARK [1][-]{section.6}{\376\377\152\041\127\213\150\300\232\214\060\001\213\357\135\356\122\006\147\220\116\016\172\063\120\145\140\047\213\250\213\272}{}% 33
\BOOKMARK [2][-]{subsection.6.1}{\376\377\153\213\135\356\150\300\232\214}{section.6}% 34
\BOOKMARK [2][-]{subsection.6.2}{\376\377\213\357\135\356\117\040\144\255\122\006\147\220}{section.6}% 35
\BOOKMARK [2][-]{subsection.6.3}{\376\377\160\165\145\117\136\246\116\016\172\063\120\145\140\047}{section.6}% 36
\BOOKMARK [1][-]{section.7}{\376\377\152\041\127\213\166\204\213\304\116\367\116\016\143\250\136\177}{}% 37
\BOOKMARK [2][-]{subsection.7.1}{\376\377\152\041\127\213\166\204\117\030\160\271}{section.7}% 38
\BOOKMARK [2][-]{subsection.7.2}{\376\377\152\041\127\213\166\204\177\072\160\271}{section.7}% 39
\BOOKMARK [2][-]{subsection.7.3}{\376\377\152\041\127\213\143\250\136\177}{section.7}% 40
\BOOKMARK [1][-]{section.8}{\376\377\123\302\200\003\145\207\163\056}{}% 41
\BOOKMARK [1][-]{appendix.A}{\376\377\145\057\144\221\147\120\145\231\213\364\146\016}{}% 42
\BOOKMARK [1][-]{appendix.B}{\376\377\230\230\166\356\145\160\143\156\210\150}{}% 43
\BOOKMARK [1][-]{appendix.C}{\376\377\136\372\213\256\127\050\176\310\172\077\116\055\210\145\121\145\166\204\126\376\210\150}{}% 44
